mode: set
world-wide-bulb/internal/config/config.go:23.30,24.40 1 1
world-wide-bulb/internal/config/config.go:24.40,25.38 1 1
world-wide-bulb/internal/config/config.go:25.38,27.4 1 0
world-wide-bulb/internal/config/config.go:27.9,29.4 1 1
world-wide-bulb/internal/config/config.go:31.2,32.60 2 1
world-wide-bulb/internal/config/config.go:32.60,34.3 1 1
world-wide-bulb/internal/config/config.go:35.2,42.36 2 1
world-wide-bulb/internal/config/config.go:42.36,44.3 1 1
world-wide-bulb/internal/config/config.go:45.2,45.22 1 1
world-wide-bulb/internal/config/config.go:45.22,47.3 1 1
world-wide-bulb/internal/config/config.go:49.2,49.17 1 1
world-wide-bulb/internal/config/config.go:52.42,53.34 1 1
world-wide-bulb/internal/config/config.go:53.34,55.3 1 1
world-wide-bulb/internal/config/config.go:56.2,56.17 1 1
world-wide-bulb/internal/utils/ip_hasher.go:15.37,17.2 1 1
world-wide-bulb/internal/utils/ip_hasher.go:20.41,23.2 2 1
world-wide-bulb/internal/store/migrate.go:15.53,17.16 2 1
world-wide-bulb/internal/store/migrate.go:17.16,19.3 1 0
world-wide-bulb/internal/store/migrate.go:21.2,21.32 1 1
world-wide-bulb/internal/store/migrate.go:21.32,22.20 1 1
world-wide-bulb/internal/store/migrate.go:22.20,23.12 1 0
world-wide-bulb/internal/store/migrate.go:25.3,26.17 2 1
world-wide-bulb/internal/store/migrate.go:26.17,28.4 1 0
world-wide-bulb/internal/store/migrate.go:29.3,29.65 1 1
world-wide-bulb/internal/store/migrate.go:29.65,31.4 1 0
world-wide-bulb/internal/store/migrate.go:33.2,33.12 1 1
world-wide-bulb/internal/bulb/cooldown.go:19.56,24.2 1 1
world-wide-bulb/internal/bulb/cooldown.go:27.55,32.51 4 1
world-wide-bulb/internal/bulb/cooldown.go:32.51,33.41 1 1
world-wide-bulb/internal/bulb/cooldown.go:33.41,35.4 1 1
world-wide-bulb/internal/bulb/cooldown.go:38.2,40.40 2 1
world-wide-bulb/internal/bulb/cooldown.go:40.40,41.31 1 0
world-wide-bulb/internal/bulb/cooldown.go:41.31,42.36 1 0
world-wide-bulb/internal/bulb/cooldown.go:42.36,44.5 1 0
world-wide-bulb/internal/bulb/cooldown.go:48.2,48.13 1 1
world-wide-bulb/internal/bulb/cooldown.go:52.50,57.13 4 1
world-wide-bulb/internal/bulb/cooldown.go:57.13,59.3 1 1
world-wide-bulb/internal/bulb/cooldown.go:61.2,61.47 1 1
world-wide-bulb/internal/bulb/cooldown.go:65.42,70.2 3 1
world-wide-bulb/internal/bulb/engine.go:36.54,42.16 3 1
world-wide-bulb/internal/bulb/engine.go:42.16,45.3 2 1
world-wide-bulb/internal/bulb/engine.go:45.8,48.3 2 1
world-wide-bulb/internal/bulb/engine.go:49.2,49.10 1 1
world-wide-bulb/internal/bulb/engine.go:53.34,55.2 1 1
world-wide-bulb/internal/bulb/engine.go:58.48,60.2 1 0
world-wide-bulb/internal/bulb/engine.go:65.98,66.35 1 1
world-wide-bulb/internal/bulb/engine.go:66.35,68.3 1 1
world-wide-bulb/internal/bulb/engine.go:70.2,73.35 3 1
world-wide-bulb/internal/bulb/engine.go:73.35,75.3 1 0
world-wide-bulb/internal/bulb/engine.go:77.2,80.18 3 1
world-wide-bulb/internal/bulb/engine.go:80.18,82.3 1 1
world-wide-bulb/internal/bulb/engine.go:84.2,89.16 2 1
world-wide-bulb/internal/bulb/engine.go:89.16,92.3 2 1
world-wide-bulb/internal/bulb/engine.go:94.2,98.20 4 1
world-wide-bulb/internal/api/rest/device.go:18.72,21.34 3 1
world-wide-bulb/internal/api/rest/device.go:21.34,23.3 1 1
world-wide-bulb/internal/api/rest/device.go:25.2,28.29 4 1
world-wide-bulb/internal/api/rest/handler.go:21.106,29.2 1 1
world-wide-bulb/internal/api/rest/history.go:19.46,21.16 2 1
world-wide-bulb/internal/api/rest/history.go:21.16,26.3 2 0
world-wide-bulb/internal/api/rest/history.go:28.2,29.28 2 1
world-wide-bulb/internal/api/rest/history.go:29.28,36.3 1 1
world-wide-bulb/internal/api/rest/history.go:38.2,40.4 1 1
world-wide-bulb/internal/api/rest/state.go:10.44,16.2 2 1
world-wide-bulb/internal/api/rest/toggle.go:25.46,27.64 2 1
world-wide-bulb/internal/api/rest/toggle.go:27.64,30.3 2 1
world-wide-bulb/internal/api/rest/toggle.go:32.2,35.16 3 1
world-wide-bulb/internal/api/rest/toggle.go:35.16,36.39 1 1
world-wide-bulb/internal/api/rest/toggle.go:36.39,39.4 2 1
world-wide-bulb/internal/api/rest/toggle.go:40.3,43.9 2 0
world-wide-bulb/internal/api/rest/toggle.go:46.2,46.24 1 1
world-wide-bulb/internal/api/rest/toggle.go:46.24,48.3 1 1
world-wide-bulb/internal/api/rest/toggle.go:50.2,52.51 2 1
world-wide-bulb/internal/api/rest/toggle.go:52.51,54.3 1 1
world-wide-bulb/internal/api/rest/toggle.go:56.2,56.28 1 1
world-wide-bulb/internal/api/ws/client.go:27.56,33.2 1 1
world-wide-bulb/internal/api/ws/client.go:36.29,37.15 1 1
world-wide-bulb/internal/api/ws/client.go:37.15,39.40 2 1
world-wide-bulb/internal/api/ws/client.go:39.40,41.4 1 0
world-wide-bulb/internal/api/ws/client.go:44.2,45.73 2 1
world-wide-bulb/internal/api/ws/client.go:45.73,48.3 2 0
world-wide-bulb/internal/api/ws/client.go:49.2,49.43 1 1
world-wide-bulb/internal/api/ws/client.go:49.43,51.3 1 0
world-wide-bulb/internal/api/ws/client.go:53.2,53.6 1 1
world-wide-bulb/internal/api/ws/client.go:53.6,55.17 2 1
world-wide-bulb/internal/api/ws/client.go:55.17,56.103 1 1
world-wide-bulb/internal/api/ws/client.go:56.103,58.5 1 0
world-wide-bulb/internal/api/ws/client.go:59.4,59.9 1 1
world-wide-bulb/internal/api/ws/client.go:65.30,67.15 2 1
world-wide-bulb/internal/api/ws/client.go:67.15,70.3 2 1
world-wide-bulb/internal/api/ws/client.go:72.2,72.6 1 1
world-wide-bulb/internal/api/ws/client.go:72.6,73.10 1 1
world-wide-bulb/internal/api/ws/client.go:74.32,76.11 2 1
world-wide-bulb/internal/api/ws/client.go:76.11,79.5 2 1
world-wide-bulb/internal/api/ws/client.go:80.4,81.18 2 1
world-wide-bulb/internal/api/ws/client.go:81.18,83.5 1 0
world-wide-bulb/internal/api/ws/client.go:84.4,87.16 3 1
world-wide-bulb/internal/api/ws/client.go:87.16,90.5 2 0
world-wide-bulb/internal/api/ws/client.go:91.4,91.36 1 1
world-wide-bulb/internal/api/ws/client.go:91.36,93.5 1 0
world-wide-bulb/internal/api/ws/client.go:94.19,96.74 2 0
world-wide-bulb/internal/api/ws/client.go:96.74,98.5 1 0
world-wide-bulb/internal/api/ws/handler.go:27.72,33.44 1 1
world-wide-bulb/internal/api/ws/handler.go:33.44,34.15 1 1
world-wide-bulb/internal/api/ws/handler.go:34.15,36.22 2 1
world-wide-bulb/internal/api/ws/handler.go:36.22,38.7 1 0
world-wide-bulb/internal/api/ws/handler.go:39.6,40.20 2 1
world-wide-bulb/internal/api/ws/handler.go:40.20,42.7 1 0
world-wide-bulb/internal/api/ws/handler.go:43.6,44.40 2 1
world-wide-bulb/internal/api/ws/handler.go:44.40,45.44 1 1
world-wide-bulb/internal/api/ws/handler.go:45.44,47.8 1 1
world-wide-bulb/internal/api/ws/handler.go:49.6,49.18 1 1
world-wide-bulb/internal/api/ws/handler.go:51.5,51.16 1 1
world-wide-bulb/internal/api/ws/handler.go:58.43,60.16 2 1
world-wide-bulb/internal/api/ws/handler.go:60.16,63.3 2 1
world-wide-bulb/internal/api/ws/handler.go:64.2,67.22 4 1
world-wide-bulb/internal/api/ws/hub.go:16.20,25.2 3 1
world-wide-bulb/internal/api/ws/hub.go:28.21,29.6 1 1
world-wide-bulb/internal/api/ws/hub.go:29.6,30.10 1 1
world-wide-bulb/internal/api/ws/hub.go:31.31,32.28 1 1
world-wide-bulb/internal/api/ws/hub.go:33.33,34.38 1 1
world-wide-bulb/internal/api/ws/hub.go:34.38,37.5 2 1
world-wide-bulb/internal/api/ws/hub.go:38.33,39.34 1 1
world-wide-bulb/internal/api/ws/hub.go:39.34,40.12 1 1
world-wide-bulb/internal/api/ws/hub.go:41.33,41.33 0 1
world-wide-bulb/internal/api/ws/hub.go:42.13,45.38 3 1
world-wide-bulb/internal/api/ws/hub.go:53.41,55.2 1 1
world-wide-bulb/internal/api/ws/hub.go:58.35,60.2 1 1
world-wide-bulb/internal/api/ws/hub.go:63.37,65.2 1 1
world-wide-bulb/internal/api/ws/message.go:16.46,22.2 1 0
world-wide-bulb/cmd/wwb/main.go:17.13,18.50 1 0
world-wide-bulb/cmd/wwb/main.go:18.50,20.3 1 0
world-wide-bulb/cmd/wwb/main.go:23.37,25.16 2 0
world-wide-bulb/cmd/wwb/main.go:25.16,27.3 1 0
world-wide-bulb/cmd/wwb/main.go:29.2,29.62 1 0
world-wide-bulb/cmd/wwb/main.go:29.62,30.48 1 0
world-wide-bulb/cmd/wwb/main.go:30.48,32.4 1 0
world-wide-bulb/cmd/wwb/main.go:35.2,36.16 2 0
world-wide-bulb/cmd/wwb/main.go:36.16,38.3 1 0
world-wide-bulb/cmd/wwb/main.go:39.2,39.15 1 0
world-wide-bulb/cmd/wwb/main.go:39.15,41.3 1 0
world-wide-bulb/cmd/wwb/main.go:43.2,44.16 2 0
world-wide-bulb/cmd/wwb/main.go:44.16,46.3 1 0
world-wide-bulb/cmd/wwb/main.go:48.2,48.55 1 0
world-wide-bulb/cmd/wwb/main.go:48.55,50.3 1 0
world-wide-bulb/cmd/wwb/main.go:52.2,52.12 1 0
world-wide-bulb/internal/api/middleware/cors.go:11.29,12.30 1 0
world-wide-bulb/internal/api/middleware/cors.go:12.30,14.19 2 0
world-wide-bulb/internal/api/middleware/cors.go:14.19,19.4 4 0
world-wide-bulb/internal/api/middleware/cors.go:21.3,21.45 1 0
world-wide-bulb/internal/api/middleware/cors.go:21.45,24.4 2 0
world-wide-bulb/internal/api/middleware/cors.go:26.3,26.11 1 0
world-wide-bulb/internal/api/app.go:28.80,29.101 1 0
world-wide-bulb/internal/api/app.go:29.101,31.3 1 0
world-wide-bulb/internal/api/app.go:33.2,33.47 1 0
world-wide-bulb/internal/api/app.go:33.47,35.3 1 0
world-wide-bulb/internal/api/app.go:37.2,52.8 8 0
world-wide-bulb/internal/api/router.go:13.66,19.2 5 0
world-wide-bulb/internal/api/router.go:19.2,23.3 3 0
world-wide-bulb/internal/api/router.go:25.2,27.10 2 0
